[Step2] 已遍历 5000 条目(1s, DTB 过滤 0)...
[Step2] 已遍历 10000 条目(2s, DTB 过滤 0)...
[Step2] 已遍历 15000 条目(3s, DTB 过滤 0)...
[Step2] 已遍历 20000 条目(3s, DTB 过滤 0)...
[Step2] 已遍历 25000 条目(4s, DTB 过滤 0)...
[Step2] 已遍历 30000 条目(5s, DTB 过滤 0)...
[Step2] 已遍历 35000 条目(6s, DTB 过滤 0)...
[Step2] 已遍历 40000 条目(6s, DTB 过滤 0)...
[Step2] 已遍历 45000 条目(7s, DTB 过滤 0)...
[Step2] 已遍历 50000 条目(7s, DTB 过滤 0)...
[Step2] 已遍历 55000 条目(8s, DTB 过滤 0)...
[Step2] 已遍历 60000 条目(9s, DTB 过滤 0)...
[Step2] 已遍历 65000 条目(10s, DTB 过滤 0)...
[Step2] 已遍历 70000 条目(11s, DTB 过滤 0)...
[Step2] 已遍历 75000 条目(12s, DTB 过滤 0)...
[Step2] 已遍历 80000 条目(13s, DTB 过滤 0)...
[Step2] 已遍历 85000 条目(14s, DTB 过滤 0)...
[Step2] 已遍历 90000 条目(15s, DTB 过滤 0)...
[Step2] 已遍历 95000 条目(16s, DTB 过滤 0)...
[Step2] 已遍历 100000 条目(16s, DTB 过滤 0)...
[Step2] 已遍历 105000 条目(17s, DTB 过滤 0)...
[Step2] 已遍历 110000 条目(18s, DTB 过滤 0)...
[Step2] 已遍历 115000 条目(18s, DTB 过滤 0)...
[Step2] 已遍历 120000 条目(19s, DTB 过滤 0)...
[Step2] 已遍历 125000 条目(19s, DTB 过滤 0)...
[Step2] 已遍历 130000 条目(20s, DTB 过滤 0)...
[Step2] 已遍历 135000 条目(20s, DTB 过滤 0)...
[Step2] 已遍历 140000 条目(21s, DTB 过滤 0)...
[Step2] 已遍历 145000 条目(21s, DTB 过滤 0)...
[Step2] 已遍历 150000 条目(22s, DTB 过滤 0)...
[Step2] 已遍历 155000 条目(22s, DTB 过滤 0)...
[Step2] 已遍历 160000 条目(23s, DTB 过滤 0)...
[Step2] 已遍历 165000 条目(23s, DTB 过滤 0)...
[Step2] 已遍历 170000 条目(24s, DTB 过滤 0)...
[Step2] 已遍历 175000 条目(25s, DTB 过滤 7)...
[Step2] 已遍历 180000 条目(26s, DTB 过滤 8)...
[Step2] 已遍历 185000 条目(26s, DTB 过滤 8)...
[Step2] 已遍历 190000 条目(27s, DTB 过滤 8)...
[Step2] 已遍历 195000 条目(28s, DTB 过滤 8)...
[Step2] 已遍历 200000 条目(28s, DTB 过滤 8)...
[Step2] 已遍历 205000 条目(29s, DTB 过滤 8)...
[Step2] 已遍历 210000 条目(30s, DTB 过滤 8)...
[Step2] 已遍历 215000 条目(31s, DTB 过滤 45)...
[Step2] 已遍历 220000 条目(32s, DTB 过滤 45)...
[Step2] 已遍历 225000 条目(32s, DTB 过滤 45)...
[Step2] 已遍历 230000 条目(33s, DTB 过滤 45)...
[Step2] 已遍历 235000 条目(33s, DTB 过滤 45)...
[Step2] 已遍历 240000 条目(34s, DTB 过滤 45)...
[Step2] 已遍历 245000 条目(35s, DTB 过滤 45)...
[Step2] 已遍历 250000 条目(36s, DTB 过滤 45)...
[Step2] 已遍历 255000 条目(37s, DTB 过滤 93)...
[Step2] 已遍历 260000 条目(38s, DTB 过滤 128)...
[Step2] 已遍历 265000 条目(39s, DTB 过滤 128)...
[Step2] 已遍历 270000 条目(39s, DTB 过滤 128)...
[Step2] 已遍历 275000 条目(40s, DTB 过滤 128)...
[Step2] 已遍历 280000 条目(40s, DTB 过滤 128)...
[Step2] 已遍历 285000 条目(41s, DTB 过滤 1377)...
[Step2] 已遍历 290000 条目(42s, DTB 过滤 3089)...
[Step2] 已遍历 295000 条目(42s, DTB 过滤 3112)...
[Step2] 已遍历 300000 条目(43s, DTB 过滤 3112)...
[Step2] 已遍历 305000 条目(44s, DTB 过滤 3112)...
[Step2] 已遍历 310000 条目(44s, DTB 过滤 3112)...
[Step2] 已遍历 315000 条目(45s, DTB 过滤 3112)...
[Step2] 已遍历 320000 条目(46s, DTB 过滤 3112)...
[Step2] 已遍历 325000 条目(47s, DTB 过滤 3112)...
[Step2] 已遍历 330000 条目(48s, DTB 过滤 3112)...
[Step2] 已遍历 335000 条目(49s, DTB 过滤 3130)...
[Step2] 已遍历 340000 条目(49s, DTB 过滤 3165)...
[Step2] 排除 DTB 节点文件: 3165 个(设备树分解噪声)
[Step2] ELF 内容去重: 332 个库副本(保留基础名 .so)
[Step2] 过滤完成(profile=nano-ubuntu): 344060 -> 65811 文件
[driver] Step2 保留 65811 文件
[driver] Step2 顶层目录分布:
    opt                       23745
    usr                       14611
    unitree                   6973
    upgradePythonServer       6854
    var                       6285
    home                      6197
    etc                       971
    boot                      113
    root                      47
    run                       11
    README.txt                1
    dev                       1
    snap                      1
    tmp                       1
[Step3] Docker file 失败(退出码 124),降级纯扩展名分类
[Step3] stderr: docker run timed out after 600s: Command '['docker', 'run', '--rm', '--entrypoint', 'file', '-w', '/work/root', '-v', 'E:/固件/create/important/target/3/process/APP/extracted:/work/root:rw', '-v', 'C:/Users/LENOVO/AppData/Local/Temp/tmpwmu5ijjp:/work/ws:rw', 'binwalk', '-f', '/work/ws/filelist.txt']' timed out after 600 seconds
[Step3] 分类完成: 65811 文件 (config=1653, crypto_gpg=24, crypto_pkcs12=1, crypto_private_key=6, crypto_public_key=7, crypto_x509=334, script=6782, source=20787, unknown=36217)
[Step3] 其中系统信任库文件 257 个(已标记 is_system_trust,非厂商凭证)
[driver] Step3 类型分布:
    unknown              36217
    source               20787
    script               6782
    config               1653
    crypto_x509          334
    crypto_gpg           24
    crypto_public_key    7
    crypto_private_key   6
    crypto_pkcs12        1
[driver] fileinfo.json -> E:\固件\create\important\target\3\process\APP\fileinfo.json
